Archive member included because of file (symbol)

c:/winavr-20071221/bin/../lib/gcc/avr/4.2.2/avr4\libgcc.a(_mulsi3.o)
                              timer.o (__mulsi3)
c:/winavr-20071221/bin/../lib/gcc/avr/4.2.2/avr4\libgcc.a(_divmodhi4.o)
                              main.o (__divmodhi4)
c:/winavr-20071221/bin/../lib/gcc/avr/4.2.2/avr4\libgcc.a(_udivmodsi4.o)
                              timer.o (__udivmodsi4)
c:/winavr-20071221/bin/../lib/gcc/avr/4.2.2/avr4\libgcc.a(_divmodsi4.o)
                              timer.o (__divmodsi4)
c:/winavr-20071221/bin/../lib/gcc/avr/4.2.2/avr4\libgcc.a(_exit.o)
                              c:/winavr-20071221/bin/../lib/gcc/avr/4.2.2/../../../../avr/lib/avr4/crtm8.o (exit)
c:/winavr-20071221/bin/../lib/gcc/avr/4.2.2/avr4\libgcc.a(_copy_data.o)
                              main.o (__do_copy_data)
c:/winavr-20071221/bin/../lib/gcc/avr/4.2.2/avr4\libgcc.a(_clear_bss.o)
                              main.o (__do_clear_bss)
c:/winavr-20071221/bin/../lib/gcc/avr/4.2.2/avr4\libgcc.a(_udivmodhi4.o)
                              c:/winavr-20071221/bin/../lib/gcc/avr/4.2.2/avr4\libgcc.a(_divmodhi4.o) (__udivmodhi4)

Allocating common symbols
Common symbol       size              file

Timer0Reg0          0x4               timer.o
TimerPauseReg       0x4               timer.o
Timer2Reg0          0x4               timer.o
a2dCompleteFlag     0x1               a2d.o

Memory Configuration

Name             Origin             Length             Attributes
text             0x00000000         0x00002000         xr
data             0x00800060         0x0000ffa0         rw !x
eeprom           0x00810000         0x00010000         rw !x
fuse             0x00820000         0x00000400         rw !x
lock             0x00830000         0x00000400         rw !x
signature        0x00840000         0x00000400         rw !x
*default*        0x00000000         0xffffffff

Linker script and memory map

LOAD c:/winavr-20071221/bin/../lib/gcc/avr/4.2.2/../../../../avr/lib/avr4/crtm8.o
LOAD main.o
LOAD a2d.o
LOAD timer.o
LOAD c:/winavr-20071221/bin/../lib/gcc/avr/4.2.2/../../../../avr/lib/avr4\libm.a
LOAD c:/winavr-20071221/bin/../lib/gcc/avr/4.2.2/avr4\libgcc.a
LOAD c:/winavr-20071221/bin/../lib/gcc/avr/4.2.2/../../../../avr/lib/avr4\libc.a
LOAD c:/winavr-20071221/bin/../lib/gcc/avr/4.2.2/avr4\libgcc.a

.hash
 *(.hash)

.dynsym
 *(.dynsym)

.dynstr
 *(.dynstr)

.gnu.version
 *(.gnu.version)

.gnu.version_d
 *(.gnu.version_d)

.gnu.version_r
 *(.gnu.version_r)

.rel.init
 *(.rel.init)

.rela.init
 *(.rela.init)

.rel.text
 *(.rel.text)
 *(.rel.text.*)
 *(.rel.gnu.linkonce.t*)

.rela.text
 *(.rela.text)
 *(.rela.text.*)
 *(.rela.gnu.linkonce.t*)

.rel.fini
 *(.rel.fini)

.rela.fini
 *(.rela.fini)

.rel.rodata
 *(.rel.rodata)
 *(.rel.rodata.*)
 *(.rel.gnu.linkonce.r*)

.rela.rodata
 *(.rela.rodata)
 *(.rela.rodata.*)
 *(.rela.gnu.linkonce.r*)

.rel.data
 *(.rel.data)
 *(.rel.data.*)
 *(.rel.gnu.linkonce.d*)

.rela.data
 *(.rela.data)
 *(.rela.data.*)
 *(.rela.gnu.linkonce.d*)

.rel.ctors
 *(.rel.ctors)

.rela.ctors
 *(.rela.ctors)

.rel.dtors
 *(.rel.dtors)

.rela.dtors
 *(.rela.dtors)

.rel.got
 *(.rel.got)

.rela.got
 *(.rela.got)

.rel.bss
 *(.rel.bss)

.rela.bss
 *(.rela.bss)

.rel.plt
 *(.rel.plt)

.rela.plt
 *(.rela.plt)

.text           0x00000000      0x9ba
 *(.vectors)
 .vectors       0x00000000       0x26 c:/winavr-20071221/bin/../lib/gcc/avr/4.2.2/../../../../avr/lib/avr4/crtm8.o
                0x00000000                __vectors
                0x00000000                __vector_default
 *(.vectors)
 *(.progmem.gcc*)
 *(.progmem*)
 .progmem.data  0x00000026       0x1c timer.o
                0x00000032                TimerRTCPrescaleFactor
                0x00000026                TimerPrescaleFactor
                0x00000042                . = ALIGN (0x2)
                0x00000042                __trampolines_start = .
 *(.trampolines)
 .trampolines   0x00000042        0x0 linker stubs
 *(.trampolines*)
                0x00000042                __trampolines_end = .
 *(.jumptables)
 *(.jumptables*)
 *(.lowtext)
 *(.lowtext*)
                0x00000042                __ctors_start = .
 *(.ctors)
                0x00000042                __ctors_end = .
                0x00000042                __dtors_start = .
 *(.dtors)
                0x00000042                __dtors_end = .
 SORT(*)(.ctors)
 SORT(*)(.dtors)
 *(.init0)
 .init0         0x00000042        0x0 c:/winavr-20071221/bin/../lib/gcc/avr/4.2.2/../../../../avr/lib/avr4/crtm8.o
                0x00000042                __init
 *(.init0)
 *(.init1)
 *(.init1)
 *(.init2)
 .init2         0x00000042        0xc c:/winavr-20071221/bin/../lib/gcc/avr/4.2.2/../../../../avr/lib/avr4/crtm8.o
 *(.init2)
 *(.init3)
 *(.init3)
 *(.init4)
 .init4         0x0000004e       0x16 c:/winavr-20071221/bin/../lib/gcc/avr/4.2.2/avr4\libgcc.a(_copy_data.o)
                0x0000004e                __do_copy_data
 .init4         0x00000064       0x10 c:/winavr-20071221/bin/../lib/gcc/avr/4.2.2/avr4\libgcc.a(_clear_bss.o)
                0x00000064                __do_clear_bss
 *(.init4)
 *(.init5)
 *(.init5)
 *(.init6)
 *(.init6)
 *(.init7)
 *(.init7)
 *(.init8)
 *(.init8)
 *(.init9)
 .init9         0x00000074        0x4 c:/winavr-20071221/bin/../lib/gcc/avr/4.2.2/../../../../avr/lib/avr4/crtm8.o
 *(.init9)
 *(.text)
 .text          0x00000078        0x2 c:/winavr-20071221/bin/../lib/gcc/avr/4.2.2/../../../../avr/lib/avr4/crtm8.o
                0x00000078                __vector_1
                0x00000078                __vector_12
                0x00000078                __bad_interrupt
                0x00000078                __vector_11
                0x00000078                __vector_13
                0x00000078                __vector_17
                0x00000078                __vector_2
                0x00000078                __vector_15
                0x00000078                __vector_10
                0x00000078                __vector_16
                0x00000078                __vector_18
 .text          0x0000007a      0x198 main.o
                0x0000007a                rgb
                0x000000ba                init
                0x000000e8                main
 .text          0x00000212       0xaa a2d.o
                0x0000025e                a2dIsComplete
                0x00000290                a2dConvert8bit
                0x00000212                a2dOff
                0x00000218                a2dSetPrescaler
                0x00000268                a2dConvert10bit
                0x00000234                a2dInit
                0x00000222                a2dSetReference
                0x0000029e                __vector_14
                0x0000024c                a2dSetChannel
                0x00000258                a2dStartConvert
 .text          0x000002bc      0x5f6 timer.o
                0x000004f4                timer2GetOverflowCount
                0x00000344                timerDetach
                0x000002c8                timer1SetPrescaler
                0x0000059e                timer1PWMBOff
                0x00000318                timer2GetPrescaler
                0x0000074a                __vector_6
                0x0000048a                timer0Init
                0x00000590                timer1PWMAOff
                0x000005c4                timer1PWMBSet
                0x00000858                __vector_3
                0x00000540                timer1PWMInitICR
                0x000002ec                timer0GetPrescaler
                0x000007a4                __vector_7
                0x0000049a                timer0GetOverflowCount
                0x000007fe                __vector_5
                0x000004ce                timerInit
                0x000002e2                timer2SetPrescaler
                0x00000566                timer1PWMAOn
                0x000002be                timer0SetPrescaler
                0x000002bc                delay_us
                0x000006ca                __vector_4
                0x00000478                timer0ClearOverflowCount
                0x000005ca                __vector_9
                0x000002d2                timer1Init
                0x00000506                timer1PWMInit
                0x00000582                timer1PWMBOn
                0x000004be                timer2Init
                0x00000670                __vector_8
                0x000005be                timer1PWMASet
                0x0000032e                timerAttach
                0x000005ac                timer1PWMOff
                0x00000574                timer1PWMAOnInv
                0x00000302                timer1GetPrescaler
                0x000004ac                timer2ClearOverflowCount
                0x0000035a                timerPause
 .text          0x000008b2        0x0 c:/winavr-20071221/bin/../lib/gcc/avr/4.2.2/avr4\libgcc.a(_mulsi3.o)
 .text          0x000008b2        0x0 c:/winavr-20071221/bin/../lib/gcc/avr/4.2.2/avr4\libgcc.a(_divmodhi4.o)
 .text          0x000008b2        0x0 c:/winavr-20071221/bin/../lib/gcc/avr/4.2.2/avr4\libgcc.a(_udivmodsi4.o)
 .text          0x000008b2        0x0 c:/winavr-20071221/bin/../lib/gcc/avr/4.2.2/avr4\libgcc.a(_divmodsi4.o)
 .text          0x000008b2        0x0 c:/winavr-20071221/bin/../lib/gcc/avr/4.2.2/avr4\libgcc.a(_exit.o)
 .text          0x000008b2        0x0 c:/winavr-20071221/bin/../lib/gcc/avr/4.2.2/avr4\libgcc.a(_copy_data.o)
 .text          0x000008b2        0x0 c:/winavr-20071221/bin/../lib/gcc/avr/4.2.2/avr4\libgcc.a(_clear_bss.o)
 .text          0x000008b2        0x0 c:/winavr-20071221/bin/../lib/gcc/avr/4.2.2/avr4\libgcc.a(_udivmodhi4.o)
                0x000008b2                . = ALIGN (0x2)
 *(.text.*)
 .text.libgcc   0x000008b2       0x3e c:/winavr-20071221/bin/../lib/gcc/avr/4.2.2/avr4\libgcc.a(_mulsi3.o)
                0x000008b2                __mulsi3
 .text.libgcc   0x000008f0       0x26 c:/winavr-20071221/bin/../lib/gcc/avr/4.2.2/avr4\libgcc.a(_divmodhi4.o)
                0x000008f0                __divmodhi4
                0x000008f0                _div
 .text.libgcc   0x00000916       0x44 c:/winavr-20071221/bin/../lib/gcc/avr/4.2.2/avr4\libgcc.a(_udivmodsi4.o)
                0x00000916                __udivmodsi4
 .text.libgcc   0x0000095a       0x36 c:/winavr-20071221/bin/../lib/gcc/avr/4.2.2/avr4\libgcc.a(_divmodsi4.o)
                0x0000095a                __divmodsi4
 .text.libgcc   0x00000990        0x0 c:/winavr-20071221/bin/../lib/gcc/avr/4.2.2/avr4\libgcc.a(_exit.o)
 .text.libgcc   0x00000990        0x0 c:/winavr-20071221/bin/../lib/gcc/avr/4.2.2/avr4\libgcc.a(_copy_data.o)
 .text.libgcc   0x00000990        0x0 c:/winavr-20071221/bin/../lib/gcc/avr/4.2.2/avr4\libgcc.a(_clear_bss.o)
 .text.libgcc   0x00000990       0x28 c:/winavr-20071221/bin/../lib/gcc/avr/4.2.2/avr4\libgcc.a(_udivmodhi4.o)
                0x00000990                __udivmodhi4
                0x000009b8                . = ALIGN (0x2)
 *(.fini9)
 .fini9         0x000009b8        0x0 c:/winavr-20071221/bin/../lib/gcc/avr/4.2.2/avr4\libgcc.a(_exit.o)
                0x000009b8                exit
                0x000009b8                _exit
 *(.fini9)
 *(.fini8)
 *(.fini8)
 *(.fini7)
 *(.fini7)
 *(.fini6)
 *(.fini6)
 *(.fini5)
 *(.fini5)
 *(.fini4)
 *(.fini4)
 *(.fini3)
 *(.fini3)
 *(.fini2)
 *(.fini2)
 *(.fini1)
 *(.fini1)
 *(.fini0)
 .fini0         0x000009b8        0x2 c:/winavr-20071221/bin/../lib/gcc/avr/4.2.2/avr4\libgcc.a(_exit.o)
 *(.fini0)
                0x000009ba                _etext = .

.data           0x00800060        0x4 load address 0x000009ba
                0x00800060                PROVIDE (__data_start, .)
 *(.data)
 .data          0x00800060        0x0 c:/winavr-20071221/bin/../lib/gcc/avr/4.2.2/../../../../avr/lib/avr4/crtm8.o
 .data          0x00800060        0x4 main.o
                0x00800060                MAX_AMP_SECONDS
 .data          0x00800064        0x0 a2d.o
 .data          0x00800064        0x0 timer.o
 .data          0x00800064        0x0 c:/winavr-20071221/bin/../lib/gcc/avr/4.2.2/avr4\libgcc.a(_mulsi3.o)
 .data          0x00800064        0x0 c:/winavr-20071221/bin/../lib/gcc/avr/4.2.2/avr4\libgcc.a(_divmodhi4.o)
 .data          0x00800064        0x0 c:/winavr-20071221/bin/../lib/gcc/avr/4.2.2/avr4\libgcc.a(_udivmodsi4.o)
 .data          0x00800064        0x0 c:/winavr-20071221/bin/../lib/gcc/avr/4.2.2/avr4\libgcc.a(_divmodsi4.o)
 .data          0x00800064        0x0 c:/winavr-20071221/bin/../lib/gcc/avr/4.2.2/avr4\libgcc.a(_exit.o)
 .data          0x00800064        0x0 c:/winavr-20071221/bin/../lib/gcc/avr/4.2.2/avr4\libgcc.a(_copy_data.o)
 .data          0x00800064        0x0 c:/winavr-20071221/bin/../lib/gcc/avr/4.2.2/avr4\libgcc.a(_clear_bss.o)
 .data          0x00800064        0x0 c:/winavr-20071221/bin/../lib/gcc/avr/4.2.2/avr4\libgcc.a(_udivmodhi4.o)
 *(.data*)
 *(.rodata)
 *(.rodata*)
 *(.gnu.linkonce.d*)
                0x00800064                . = ALIGN (0x2)
                0x00800064                _edata = .
                0x00800064                PROVIDE (__data_end, .)

.bss            0x00800064       0x21 load address 0x000009be
                0x00800064                PROVIDE (__bss_start, .)
 *(.bss)
 .bss           0x00800064        0x0 c:/winavr-20071221/bin/../lib/gcc/avr/4.2.2/../../../../avr/lib/avr4/crtm8.o
 .bss           0x00800064        0x6 main.o
                0x00800068                pedal_input
                0x00800064                ampSeconds
 .bss           0x0080006a        0x0 a2d.o
 .bss           0x0080006a        0xe timer.o
 .bss           0x00800078        0x0 c:/winavr-20071221/bin/../lib/gcc/avr/4.2.2/avr4\libgcc.a(_mulsi3.o)
 .bss           0x00800078        0x0 c:/winavr-20071221/bin/../lib/gcc/avr/4.2.2/avr4\libgcc.a(_divmodhi4.o)
 .bss           0x00800078        0x0 c:/winavr-20071221/bin/../lib/gcc/avr/4.2.2/avr4\libgcc.a(_udivmodsi4.o)
 .bss           0x00800078        0x0 c:/winavr-20071221/bin/../lib/gcc/avr/4.2.2/avr4\libgcc.a(_divmodsi4.o)
 .bss           0x00800078        0x0 c:/winavr-20071221/bin/../lib/gcc/avr/4.2.2/avr4\libgcc.a(_exit.o)
 .bss           0x00800078        0x0 c:/winavr-20071221/bin/../lib/gcc/avr/4.2.2/avr4\libgcc.a(_copy_data.o)
 .bss           0x00800078        0x0 c:/winavr-20071221/bin/../lib/gcc/avr/4.2.2/avr4\libgcc.a(_clear_bss.o)
 .bss           0x00800078        0x0 c:/winavr-20071221/bin/../lib/gcc/avr/4.2.2/avr4\libgcc.a(_udivmodhi4.o)
 *(.bss*)
 *(COMMON)
 COMMON         0x00800078        0x1 a2d.o
                0x00800078                a2dCompleteFlag
 COMMON         0x00800079        0xc timer.o
                0x00800079                Timer0Reg0
                0x0080007d                TimerPauseReg
                0x00800081                Timer2Reg0
                0x00800085                PROVIDE (__bss_end, .)
                0x000009ba                __data_load_start = LOADADDR (.data)
                0x000009be                __data_load_end = (__data_load_start + SIZEOF (.data))

.noinit         0x00800085        0x0
                0x00800085                PROVIDE (__noinit_start, .)
 *(.noinit*)
                0x00800085                PROVIDE (__noinit_end, .)
                0x00800085                _end = .
                0x00800085                PROVIDE (__heap_start, .)

.eeprom         0x00810000        0x0
 *(.eeprom*)
                0x00810000                __eeprom_end = .

.fuse
 *(.fuse)
 *(.lfuse)
 *(.hfuse)
 *(.efuse)

.lock
 *(.lock*)

.signature
 *(.signature*)

.stab           0x00000000      0x378
 *(.stab)
 .stab          0x00000000      0x378 c:/winavr-20071221/bin/../lib/gcc/avr/4.2.2/../../../../avr/lib/avr4/crtm8.o

.stabstr        0x00000000       0x5f
 *(.stabstr)
 .stabstr       0x00000000       0x5f c:/winavr-20071221/bin/../lib/gcc/avr/4.2.2/../../../../avr/lib/avr4/crtm8.o

.stab.excl
 *(.stab.excl)

.stab.exclstr
 *(.stab.exclstr)

.stab.index
 *(.stab.index)

.stab.indexstr
 *(.stab.indexstr)

.comment
 *(.comment)

.debug
 *(.debug)

.line
 *(.line)

.debug_srcinfo
 *(.debug_srcinfo)

.debug_sfnames
 *(.debug_sfnames)

.debug_aranges  0x00000000       0x60
 *(.debug_aranges)
 .debug_aranges
                0x00000000       0x20 main.o
 .debug_aranges
                0x00000020       0x20 a2d.o
 .debug_aranges
                0x00000040       0x20 timer.o

.debug_pubnames
                0x00000000      0x438
 *(.debug_pubnames)
 .debug_pubnames
                0x00000000       0x5f main.o
 .debug_pubnames
                0x0000005f       0xd4 a2d.o
 .debug_pubnames
                0x00000133      0x305 timer.o

.debug_info     0x00000000      0x97c
 *(.debug_info)
 .debug_info    0x00000000      0x1a2 main.o
 .debug_info    0x000001a2      0x1c8 a2d.o
 .debug_info    0x0000036a      0x612 timer.o
 *(.gnu.linkonce.wi.*)

.debug_abbrev   0x00000000      0x354
 *(.debug_abbrev)
 .debug_abbrev  0x00000000       0xf8 main.o
 .debug_abbrev  0x000000f8       0xc9 a2d.o
 .debug_abbrev  0x000001c1      0x193 timer.o

.debug_line     0x00000000      0x8ad
 *(.debug_line)
 .debug_line    0x00000000      0x253 main.o
 .debug_line    0x00000253      0x185 a2d.o
 .debug_line    0x000003d8      0x4d5 timer.o

.debug_frame    0x00000000      0x330
 *(.debug_frame)
 .debug_frame   0x00000000       0x40 main.o
 .debug_frame   0x00000040       0xb0 a2d.o
 .debug_frame   0x000000f0      0x240 timer.o

.debug_str      0x00000000      0x4c2
 *(.debug_str)
 .debug_str     0x00000000      0x121 main.o
                                0x15a (size before relaxing)
 .debug_str     0x00000121       0xa5 a2d.o
                                0x180 (size before relaxing)
 .debug_str     0x000001c6      0x2fc timer.o
                                0x3e0 (size before relaxing)

.debug_loc      0x00000000      0x179
 *(.debug_loc)
 .debug_loc     0x00000000       0x28 main.o
 .debug_loc     0x00000028       0x4c a2d.o
 .debug_loc     0x00000074      0x105 timer.o

.debug_macinfo
 *(.debug_macinfo)
OUTPUT(main.elf elf32-avr)
LOAD linker stubs

.debug_ranges   0x00000000       0x18
 .debug_ranges  0x00000000       0x18 main.o

Cross Reference Table

Symbol                                            File
MAX_AMP_SECONDS                                   main.o
Timer0Reg0                                        timer.o
Timer2Reg0                                        timer.o
TimerPauseReg                                     timer.o
TimerPrescaleFactor                               timer.o
TimerRTCPrescaleFactor                            timer.o
__bad_interrupt                                   c:/winavr-20071221/bin/../lib/gcc/avr/4.2.2/../../../../avr/lib/avr4/crtm8.o
__bss_end                                         c:/winavr-20071221/bin/../lib/gcc/avr/4.2.2/avr4\libgcc.a(_clear_bss.o)
__bss_start                                       c:/winavr-20071221/bin/../lib/gcc/avr/4.2.2/avr4\libgcc.a(_clear_bss.o)
__data_end                                        c:/winavr-20071221/bin/../lib/gcc/avr/4.2.2/avr4\libgcc.a(_copy_data.o)
__data_load_start                                 c:/winavr-20071221/bin/../lib/gcc/avr/4.2.2/avr4\libgcc.a(_copy_data.o)
__data_start                                      c:/winavr-20071221/bin/../lib/gcc/avr/4.2.2/avr4\libgcc.a(_copy_data.o)
__divmodhi4                                       c:/winavr-20071221/bin/../lib/gcc/avr/4.2.2/avr4\libgcc.a(_divmodhi4.o)
                                                  main.o
__divmodsi4                                       c:/winavr-20071221/bin/../lib/gcc/avr/4.2.2/avr4\libgcc.a(_divmodsi4.o)
                                                  timer.o
__do_clear_bss                                    c:/winavr-20071221/bin/../lib/gcc/avr/4.2.2/avr4\libgcc.a(_clear_bss.o)
                                                  timer.o
                                                  a2d.o
                                                  main.o
__do_copy_data                                    c:/winavr-20071221/bin/../lib/gcc/avr/4.2.2/avr4\libgcc.a(_copy_data.o)
                                                  timer.o
                                                  a2d.o
                                                  main.o
__heap_end                                        c:/winavr-20071221/bin/../lib/gcc/avr/4.2.2/../../../../avr/lib/avr4/crtm8.o
__init                                            c:/winavr-20071221/bin/../lib/gcc/avr/4.2.2/../../../../avr/lib/avr4/crtm8.o
__mulsi3                                          c:/winavr-20071221/bin/../lib/gcc/avr/4.2.2/avr4\libgcc.a(_mulsi3.o)
                                                  timer.o
__stack                                           c:/winavr-20071221/bin/../lib/gcc/avr/4.2.2/../../../../avr/lib/avr4/crtm8.o
__udivmodhi4                                      c:/winavr-20071221/bin/../lib/gcc/avr/4.2.2/avr4\libgcc.a(_udivmodhi4.o)
                                                  c:/winavr-20071221/bin/../lib/gcc/avr/4.2.2/avr4\libgcc.a(_divmodhi4.o)
__udivmodsi4                                      c:/winavr-20071221/bin/../lib/gcc/avr/4.2.2/avr4\libgcc.a(_udivmodsi4.o)
                                                  c:/winavr-20071221/bin/../lib/gcc/avr/4.2.2/avr4\libgcc.a(_divmodsi4.o)
                                                  timer.o
__vector_1                                        c:/winavr-20071221/bin/../lib/gcc/avr/4.2.2/../../../../avr/lib/avr4/crtm8.o
__vector_10                                       c:/winavr-20071221/bin/../lib/gcc/avr/4.2.2/../../../../avr/lib/avr4/crtm8.o
__vector_11                                       c:/winavr-20071221/bin/../lib/gcc/avr/4.2.2/../../../../avr/lib/avr4/crtm8.o
__vector_12                                       c:/winavr-20071221/bin/../lib/gcc/avr/4.2.2/../../../../avr/lib/avr4/crtm8.o
__vector_13                                       c:/winavr-20071221/bin/../lib/gcc/avr/4.2.2/../../../../avr/lib/avr4/crtm8.o
__vector_14                                       a2d.o
                                                  c:/winavr-20071221/bin/../lib/gcc/avr/4.2.2/../../../../avr/lib/avr4/crtm8.o
__vector_15                                       c:/winavr-20071221/bin/../lib/gcc/avr/4.2.2/../../../../avr/lib/avr4/crtm8.o
__vector_16                                       c:/winavr-20071221/bin/../lib/gcc/avr/4.2.2/../../../../avr/lib/avr4/crtm8.o
__vector_17                                       c:/winavr-20071221/bin/../lib/gcc/avr/4.2.2/../../../../avr/lib/avr4/crtm8.o
__vector_18                                       c:/winavr-20071221/bin/../lib/gcc/avr/4.2.2/../../../../avr/lib/avr4/crtm8.o
__vector_2                                        c:/winavr-20071221/bin/../lib/gcc/avr/4.2.2/../../../../avr/lib/avr4/crtm8.o
__vector_3                                        timer.o
                                                  c:/winavr-20071221/bin/../lib/gcc/avr/4.2.2/../../../../avr/lib/avr4/crtm8.o
__vector_4                                        timer.o
                                                  c:/winavr-20071221/bin/../lib/gcc/avr/4.2.2/../../../../avr/lib/avr4/crtm8.o
__vector_5                                        timer.o
                                                  c:/winavr-20071221/bin/../lib/gcc/avr/4.2.2/../../../../avr/lib/avr4/crtm8.o
__vector_6                                        timer.o
                                                  c:/winavr-20071221/bin/../lib/gcc/avr/4.2.2/../../../../avr/lib/avr4/crtm8.o
__vector_7                                        timer.o
                                                  c:/winavr-20071221/bin/../lib/gcc/avr/4.2.2/../../../../avr/lib/avr4/crtm8.o
__vector_8                                        timer.o
                                                  c:/winavr-20071221/bin/../lib/gcc/avr/4.2.2/../../../../avr/lib/avr4/crtm8.o
__vector_9                                        timer.o
                                                  c:/winavr-20071221/bin/../lib/gcc/avr/4.2.2/../../../../avr/lib/avr4/crtm8.o
__vector_default                                  c:/winavr-20071221/bin/../lib/gcc/avr/4.2.2/../../../../avr/lib/avr4/crtm8.o
__vectors                                         c:/winavr-20071221/bin/../lib/gcc/avr/4.2.2/../../../../avr/lib/avr4/crtm8.o
_div                                              c:/winavr-20071221/bin/../lib/gcc/avr/4.2.2/avr4\libgcc.a(_divmodhi4.o)
_exit                                             c:/winavr-20071221/bin/../lib/gcc/avr/4.2.2/avr4\libgcc.a(_exit.o)
a2dCompleteFlag                                   a2d.o
a2dConvert10bit                                   a2d.o
                                                  main.o
a2dConvert8bit                                    a2d.o
a2dInit                                           a2d.o
                                                  main.o
a2dIsComplete                                     a2d.o
a2dOff                                            a2d.o
a2dSetChannel                                     a2d.o
a2dSetPrescaler                                   a2d.o
a2dSetReference                                   a2d.o
a2dStartConvert                                   a2d.o
ampSeconds                                        main.o
delay_us                                          timer.o
                                                  main.o
exit                                              c:/winavr-20071221/bin/../lib/gcc/avr/4.2.2/avr4\libgcc.a(_exit.o)
                                                  c:/winavr-20071221/bin/../lib/gcc/avr/4.2.2/../../../../avr/lib/avr4/crtm8.o
init                                              main.o
main                                              main.o
                                                  c:/winavr-20071221/bin/../lib/gcc/avr/4.2.2/../../../../avr/lib/avr4/crtm8.o
pedal_input                                       main.o
rgb                                               main.o
timer0ClearOverflowCount                          timer.o
timer0GetOverflowCount                            timer.o
timer0GetPrescaler                                timer.o
timer0Init                                        timer.o
timer0SetPrescaler                                timer.o
timer1GetPrescaler                                timer.o
timer1Init                                        timer.o
                                                  main.o
timer1PWMAOff                                     timer.o
timer1PWMAOn                                      timer.o
                                                  main.o
timer1PWMAOnInv                                   timer.o
timer1PWMASet                                     timer.o
                                                  main.o
timer1PWMBOff                                     timer.o
timer1PWMBOn                                      timer.o
timer1PWMBSet                                     timer.o
timer1PWMInit                                     timer.o
timer1PWMInitICR                                  timer.o
                                                  main.o
timer1PWMOff                                      timer.o
timer1SetPrescaler                                timer.o
                                                  main.o
timer2ClearOverflowCount                          timer.o
timer2GetOverflowCount                            timer.o
timer2GetPrescaler                                timer.o
timer2Init                                        timer.o
timer2SetPrescaler                                timer.o
timerAttach                                       timer.o
timerDetach                                       timer.o
timerInit                                         timer.o
timerPause                                        timer.o
